{
    "-profile test": {
        "content": [
            22,
            {
                
            },
            [
                "multiqc",
                "multiqc/multiqc_data",
                "multiqc/multiqc_data/llms-full.txt",
                "multiqc/multiqc_data/multiqc.log",
                "multiqc/multiqc_data/multiqc.parquet",
                "multiqc/multiqc_data/multiqc_citations.txt",
                "multiqc/multiqc_data/multiqc_data.json",
                "multiqc/multiqc_data/multiqc_general_stats.txt",
                "multiqc/multiqc_data/multiqc_samtools_flagstat.txt",
                "multiqc/multiqc_data/multiqc_sources.txt",
                "multiqc/multiqc_data/samtools-flagstat-pct-table.txt",
                "multiqc/multiqc_data/samtools-flagstat-table.txt",
                "multiqc/multiqc_plots",
                "multiqc/multiqc_plots/pdf",
                "multiqc/multiqc_plots/pdf/samtools-flagstat-pct-table.pdf",
                "multiqc/multiqc_plots/pdf/samtools-flagstat-table.pdf",
                "multiqc/multiqc_plots/png",
                "multiqc/multiqc_plots/png/samtools-flagstat-pct-table.png",
                "multiqc/multiqc_plots/png/samtools-flagstat-table.png",
                "multiqc/multiqc_plots/svg",
                "multiqc/multiqc_plots/svg/samtools-flagstat-pct-table.svg",
                "multiqc/multiqc_plots/svg/samtools-flagstat-table.svg",
                "multiqc/multiqc_report.html",
                "ont",
                "ont/homo_sapiens",
                "ont/homo_sapiens/alignment",
                "ont/homo_sapiens/alignment/flagstat",
                "ont/homo_sapiens/alignment/flagstat/homo_sapiens_ont.flagstat",
                "ont/homo_sapiens/alignment/homo_sapiens_aligned.bam",
                "ont/homo_sapiens/alignment/homo_sapiens_aligned.bam.bai",
                "ont/homo_sapiens/dmr_haplotype_level",
                "ont/homo_sapiens/dmr_haplotype_level/phased_pileup",
                "ont/homo_sapiens/dmr_haplotype_level/phased_pileup/homo_sapiens.5mC_combined.bed.gz",
                "ont/homo_sapiens/dmr_haplotype_level/phased_pileup/homo_sapiens.5mC_hp1.bed.gz",
                "ont/homo_sapiens/dmr_haplotype_level/phased_pileup/homo_sapiens.5mC_hp2.bed.gz",
                "ont/homo_sapiens/fastqc",
                "ont/homo_sapiens/fastqc/homo_sapiens_ont_fastqc.html",
                "ont/homo_sapiens/fastqc/homo_sapiens_ont_fastqc.zip",
                "ont/homo_sapiens/phase",
                "ont/homo_sapiens/phase/homo_sapiens_haplotagged.bam",
                "ont/homo_sapiens/phase/homo_sapiens_haplotagged.bam.bai",
                "ont/homo_sapiens/phase/homo_sapiens_haplotagged.readlist",
                "ont/homo_sapiens/phase/homo_sapiens_phased.vcf.gz",
                "ont/homo_sapiens/phase/homo_sapiens_phased.vcf.gz.tbi",
                "ont/homo_sapiens/pileup",
                "ont/homo_sapiens/pileup/homo_sapiens.5mC.bed.gz",
                "ont/homo_sapiens/pileup/homo_sapiens.5mC.bed.gz.tbi",
                "ont/homo_sapiens/pileup/homo_sapiens_pileup.log",
                "ont/homo_sapiens/repair",
                "ont/homo_sapiens/repair/homo_sapiens_repaired.bam",
                "ont/homo_sapiens/repair/homo_sapiens_repaired.log",
                "ont/homo_sapiens/snvcall",
                "ont/homo_sapiens/snvcall/homo_sapiens_SNV_PASS.vcf",
                "ont/homo_sapiens/snvcall/homo_sapiensmerge_output.vcf.gz",
                "ont/homo_sapiens/snvcall/homo_sapiensmerge_output.vcf.gz.tbi",
                "ont/homo_sapiens/trim",
                "ont/homo_sapiens/trim/homo_sapiens.fastq.gz",
                "ont/homo_sapiens/trim/homo_sapiens.log",
                "pipeline_info",
                "pipeline_info/nf_core_methylong_software_versions.yml"
            ],
            [
                "multiqc_citations.txt:md5,ee1baba4adea57b43a9ae59ce7e1dd7f",
                "multiqc_general_stats.txt:md5,1c16638497cac94e1db58e4357a5acc8",
                "multiqc_samtools_flagstat.txt:md5,fdba54ace41086bb3f1ec3619ac36452",
                "samtools-flagstat-pct-table.txt:md5,2b206e73550707faea58fd0c762ce9a2",
                "samtools-flagstat-table.txt:md5,d85b96e27bcf53c9a7ad885e6b280ab3",
                "homo_sapiens_ont.flagstat:md5,8664205b2167ad7783211565ee87d71c",
                "homo_sapiens.5mC_combined.bed.gz:md5,b34d839e921c088341ca346e3574fbdf",
                "homo_sapiens.5mC_hp1.bed.gz:md5,d41d8cd98f00b204e9800998ecf8427e",
                "homo_sapiens.5mC_hp2.bed.gz:md5,d41d8cd98f00b204e9800998ecf8427e",
                "homo_sapiens.5mC.bed.gz:md5,401e2a44b482f96d3518c08b9c007936",
                "homo_sapiens.5mC.bed.gz.tbi:md5,df3576bea37089e0cf06251d651e158a",
                "homo_sapiens.fastq.gz:md5,9de5335e8d250471458bf563920a3186"
            ],
            "No CRAM files",
            [
                "homo_sapiens_aligned.bam.bai:exists,size=376",
                "homo_sapiens_haplotagged.bam.bai:exists,size=376"
            ],
            [
                "homo_sapiens_phased.vcf.gz.tbi:exists,size=131",
                "homo_sapiensmerge_output.vcf.gz.tbi:exists,size=131"
            ],
            [
                [
                    "homo_sapiens_phased.vcf.gz",
                    "VcfFile [chromosomes=[chr22], sampleCount=1, variantCount=61, phased=false, phasedAutodetect=false]"
                ],
                [
                    "homo_sapiens_SNV_PASS.vcf",
                    "VcfFile [chromosomes=[chr22], sampleCount=1, variantCount=61, phased=false, phasedAutodetect=false]"
                ],
                [
                    "homo_sapiensmerge_output.vcf.gz",
                    "VcfFile [chromosomes=[chr22], sampleCount=1, variantCount=81, phased=false, phasedAutodetect=false]"
                ]
            ]
        ],
        "meta": {
            "nf-test": "0.9.3",
            "nextflow": "25.10.4"
        },
        "timestamp": "2026-04-02T12:18:07.865952487"
    }
}